node.exe : npm warn Unknown project config "auto
-install-peers". This will stop working in the n
ext major version of npm.
発生場所 行:1 文字:1
+ & "C:\Program Files\nodejs/node.exe" "C:\Progr
am Files\nodejs/node_mo ...
+ ~~~~~~~~~~~~~~~~~~~~~~~~~~~~~~~~~~~~~~~~~~~~~~
~~~~~~~~~~~~~~~~~~~~~~~
    + CategoryInfo          : NotSpecified: (np 
   m warn Unknow...version of npm.:String) [],  
   RemoteException
    + FullyQualifiedErrorId : NativeCommandErro 
   r
 

> my-video@0.1.0 build
> next build

笆ｲ Next.js 16.1.7 (Turbopack)
- Environments: .env

  Creating an optimized production build ...
笨・Compiled successfully in 3.5s
  Running TypeScript ...
Failed to compile.

./src/remotion/MyComp/Main.tsx:147:85
Type error: This regular expression flag is only
 available when targeting 'es6' or later.

[0m [90m 145 |[39m   
 [90m 146 |[39m   [90m// 邨ｵ譁・ｭ励ｒ譛ｫ蟆ｾ縺九ｉ蛻・屬・・u
douX縺ｮ閼ｱ關ｽ髦ｲ豁｢縺ｨ謾ｹ陦後ぜ繝ｬ蟇ｾ遲厄ｼ・[39m
[31m[1m>[22m[39m[90m 147 |[39m   [36mcons
t[39m emojiMatch [33m=[39m originalText[33m.
[39mmatch([35m/([\u{1F000}-\u{1FFFF}\u{2600}-\
u{27FF}]+)$/u[39m)[33m;[39m
 [90m     |[39m                               
                                                
      [31m[1m^[22m[39m
 [90m 148 |[39m   [36mconst[39m emoji [33m=
[39m emojiMatch [33m?[39m emojiMatch[[35m0[
39m] [33m:[39m [32m""[39m[33m;[39m
 [90m 149 |[39m   [36mconst[39m textWithoutE
moji [33m=[39m emojiMatch [33m?[39m original
Text[33m.[39mslice([35m0[39m[33m,[39m [33
m-[39memoji[33m.[39mlength) [33m:[39m origi
nalText[33m;[39m
 [90m 150 |[39m[0m
Next.js build worker exited with code: 1 and sig
nal: null
